../Core/Src/main.c:123:6:setup_log_message	56	static
../Core/Src/main.c:129:6:general_log_message	120	static
../Core/Src/main.c:135:6:speed_log_message	96	static
../Core/Src/main.c:148:6:SET_SPEED	16	static
../Core/Src/main.c:157:6:TURN_BACKWARDS	16	static
../Core/Src/main.c:171:6:STOP	16	static
../Core/Src/main.c:183:6:TURN_FORWARD	16	static
../Core/Src/main.c:197:6:TURN_DIRECTION	8	static
../Core/Src/main.c:208:6:SETUP_WHEELS	8	static
../Core/Src/main.c:229:6:TURN_90_RIGHT	24	static
../Core/Src/main.c:264:6:TURN_90_LEFT	24	static
../Core/Src/main.c:294:6:SETUP_PWM	8	static
../Core/Src/main.c:313:6:CYCLE_TURN_POSITION	4	static
../Core/Src/main.c:335:6:BUZZ	8	static
../Core/Src/main.c:368:6:MEASSURE	4	static
../Core/Src/main.c:412:6:START_COUNTER_3	4	static
../Core/Src/main.c:420:6:START_COUNTER_2	4	static
../Core/Src/main.c:427:6:TIM3_IRQHandler	8	static
../Core/Src/main.c:456:6:TIM4_IRQHandler	8	static
../Core/Src/main.c:475:6:INIT_TIM3	8	static
../Core/Src/main.c:493:6:INIT_TIM4	8	static
../Core/Src/main.c:512:6:INIT_3V_OUTPUT	8	static
../Core/Src/main.c:523:6:INIT_TRIGG_ECHO	8	static
../Core/Src/main.c:541:6:EXTI0_IRQHandler	80	static
../Core/Src/main.c:555:6:SETUP_USER_BUTTON	8	static
../Core/Src/main.c:570:6:SETUP_ADC	8	static
../Core/Src/main.c:586:6:UPDATE_DC	8	static
../Core/Src/main.c:597:6:HAL_UART_RxCpltCallback	16	static
../Core/Src/main.c:607:6:EXECUTE_REMOTE_COMMAND	8	static
../Core/Src/main.c:628:6:INIT_DISTANCES	4	static
../Core/Src/main.c:647:5:main	16	static
../Core/Src/main.c:749:6:SystemClock_Config	80	static
../Core/Src/main.c:790:13:MX_ADC_Init	24	static
../Core/Src/main.c:842:13:MX_TIM2_Init	32	static
../Core/Src/main.c:884:13:MX_TIM3_Init	32	static
../Core/Src/main.c:926:13:MX_TIM4_Init	32	static
../Core/Src/main.c:968:13:MX_TS_Init	4	static
../Core/Src/main.c:988:13:MX_USART1_UART_Init	8	static
../Core/Src/main.c:1019:13:MX_GPIO_Init	40	static
../Core/Src/main.c:1080:6:Error_Handler	4	static,ignoring_inline_asm
