../Core/Src/main.c:108:6:SET_SPEED	16	static
../Core/Src/main.c:117:6:TURN_BACKWARDS	16	static
../Core/Src/main.c:131:6:STOP	16	static
../Core/Src/main.c:142:6:TURN_FORWARD	16	static
../Core/Src/main.c:157:6:TURN_DIRECTION	8	static
../Core/Src/main.c:168:6:SETUP_WHEELS	4	static
../Core/Src/main.c:187:6:TURN_90_RIGHT	16	static
../Core/Src/main.c:215:6:TURN_90_LEFT	16	static
../Core/Src/main.c:239:6:SETUP_PWM	4	static
../Core/Src/main.c:262:6:CYCLE_TURN_POSITION	4	static
../Core/Src/main.c:296:6:BUZZ	8	static
../Core/Src/main.c:334:6:MEASSURE	4	static
../Core/Src/main.c:375:6:START_COUNTER_3	4	static
../Core/Src/main.c:388:6:START_COUNTER_2	4	static
../Core/Src/main.c:399:6:TIM3_IRQHandler	8	static
../Core/Src/main.c:435:6:TIM4_IRQHandler	8	static
../Core/Src/main.c:454:6:INIT_TIM3	4	static
../Core/Src/main.c:483:6:INIT_TIM4	4	static
../Core/Src/main.c:508:6:INIT_3V_OUTPUT	4	static
../Core/Src/main.c:517:6:INIT_TRIGG_ECHO	4	static
../Core/Src/main.c:542:6:EXTI0_IRQHandler	8	static
../Core/Src/main.c:551:6:SETUP_USER_BUTTON	4	static
../Core/Src/main.c:568:5:main	8	static
../Core/Src/main.c:662:6:SystemClock_Config	80	static
../Core/Src/main.c:703:13:MX_ADC_Init	24	static
../Core/Src/main.c:755:13:MX_TIM2_Init	32	static
../Core/Src/main.c:797:13:MX_TIM3_Init	32	static
../Core/Src/main.c:839:13:MX_TIM4_Init	32	static
../Core/Src/main.c:881:13:MX_TS_Init	4	static
../Core/Src/main.c:901:13:MX_GPIO_Init	40	static
../Core/Src/main.c:972:6:Error_Handler	4	static,ignoring_inline_asm
