../Core/Src/main.c:115:6:setup_log_message	56	static
../Core/Src/main.c:121:6:general_log_message	120	static
../Core/Src/main.c:127:6:speed_log_message	96	static
../Core/Src/main.c:141:6:SET_SPEED	16	static
../Core/Src/main.c:150:6:TURN_BACKWARDS	16	static
../Core/Src/main.c:164:6:STOP	16	static
../Core/Src/main.c:176:6:TURN_FORWARD	16	static
../Core/Src/main.c:190:6:TURN_DIRECTION	8	static
../Core/Src/main.c:201:6:SETUP_WHEELS	8	static
../Core/Src/main.c:222:6:TURN_90_RIGHT	24	static
../Core/Src/main.c:256:6:TURN_90_LEFT	24	static
../Core/Src/main.c:287:6:SETUP_PWM	8	static
../Core/Src/main.c:306:6:CYCLE_TURN_POSITION	4	static
../Core/Src/main.c:328:6:BUZZ	8	static
../Core/Src/main.c:370:6:MEASSURE	8	static
../Core/Src/main.c:416:6:START_COUNTER_3	4	static
../Core/Src/main.c:424:6:START_COUNTER_2	4	static
../Core/Src/main.c:431:6:TIM3_IRQHandler	8	static
../Core/Src/main.c:460:6:TIM4_IRQHandler	8	static
../Core/Src/main.c:479:6:INIT_TIM3	8	static
../Core/Src/main.c:497:6:INIT_TIM4	8	static
../Core/Src/main.c:516:6:INIT_3V_OUTPUT	8	static
../Core/Src/main.c:528:6:INIT_TRIGG_ECHO	8	static
../Core/Src/main.c:547:6:EXTI0_IRQHandler	80	static
../Core/Src/main.c:561:6:SETUP_USER_BUTTON	8	static
../Core/Src/main.c:576:6:SETUP_ADC	8	static
../Core/Src/main.c:593:6:UPDATE_DC	8	static
../Core/Src/main.c:604:6:HAL_UART_RxCpltCallback	16	static
../Core/Src/main.c:621:5:main	16	static
../Core/Src/main.c:720:6:SystemClock_Config	80	static
../Core/Src/main.c:761:13:MX_ADC_Init	24	static
../Core/Src/main.c:813:13:MX_TIM2_Init	32	static
../Core/Src/main.c:855:13:MX_TIM3_Init	32	static
../Core/Src/main.c:897:13:MX_TIM4_Init	32	static
../Core/Src/main.c:939:13:MX_TS_Init	4	static
../Core/Src/main.c:959:13:MX_USART1_UART_Init	8	static
../Core/Src/main.c:990:13:MX_GPIO_Init	40	static
../Core/Src/main.c:1051:6:Error_Handler	4	static,ignoring_inline_asm
