../Core/Src/main.c:108:6:SET_SPEED	16	static
../Core/Src/main.c:117:6:TURN_BACKWARDS	16	static
../Core/Src/main.c:131:6:STOP	16	static
../Core/Src/main.c:142:6:TURN_FORWARD	16	static
../Core/Src/main.c:157:6:TURN_DIRECTION	8	static
../Core/Src/main.c:168:6:SETUP_WHEELS	4	static
../Core/Src/main.c:187:6:TURN_90_RIGHT	24	static
../Core/Src/main.c:220:6:TURN_90_LEFT	24	static
../Core/Src/main.c:252:6:SETUP_PWM	4	static
../Core/Src/main.c:275:6:CYCLE_TURN_POSITION	4	static
../Core/Src/main.c:308:6:BUZZ	8	static
../Core/Src/main.c:346:6:MEASSURE	4	static
../Core/Src/main.c:387:6:START_COUNTER_3	4	static
../Core/Src/main.c:400:6:START_COUNTER_2	4	static
../Core/Src/main.c:411:6:TIM3_IRQHandler	8	static
../Core/Src/main.c:447:6:TIM4_IRQHandler	8	static
../Core/Src/main.c:466:6:INIT_TIM3	4	static
../Core/Src/main.c:495:6:INIT_TIM4	4	static
../Core/Src/main.c:520:6:INIT_3V_OUTPUT	4	static
../Core/Src/main.c:529:6:INIT_TRIGG_ECHO	4	static
../Core/Src/main.c:554:6:EXTI0_IRQHandler	8	static
../Core/Src/main.c:563:6:SETUP_USER_BUTTON	4	static
../Core/Src/main.c:580:5:main	16	static
../Core/Src/main.c:676:6:SystemClock_Config	80	static
../Core/Src/main.c:717:13:MX_ADC_Init	24	static
../Core/Src/main.c:769:13:MX_TIM2_Init	32	static
../Core/Src/main.c:811:13:MX_TIM3_Init	32	static
../Core/Src/main.c:853:13:MX_TIM4_Init	32	static
../Core/Src/main.c:895:13:MX_TS_Init	4	static
../Core/Src/main.c:915:13:MX_GPIO_Init	40	static
../Core/Src/main.c:986:6:Error_Handler	4	static,ignoring_inline_asm
