../Core/Src/main.c:116:6:setup_log_message	56	static
../Core/Src/main.c:122:6:general_log_message	120	static
../Core/Src/main.c:128:6:speed_log_message	96	static
../Core/Src/main.c:142:6:SET_SPEED	16	static
../Core/Src/main.c:151:6:TURN_BACKWARDS	16	static
../Core/Src/main.c:165:6:STOP	16	static
../Core/Src/main.c:177:6:TURN_FORWARD	16	static
../Core/Src/main.c:191:6:TURN_DIRECTION	8	static
../Core/Src/main.c:202:6:SETUP_WHEELS	8	static
../Core/Src/main.c:223:6:TURN_90_RIGHT	24	static
../Core/Src/main.c:257:6:TURN_90_LEFT	24	static
../Core/Src/main.c:288:6:SETUP_PWM	8	static
../Core/Src/main.c:307:6:CYCLE_TURN_POSITION	4	static
../Core/Src/main.c:329:6:BUZZ	8	static
../Core/Src/main.c:371:6:MEASSURE	8	static
../Core/Src/main.c:417:6:START_COUNTER_3	4	static
../Core/Src/main.c:425:6:START_COUNTER_2	4	static
../Core/Src/main.c:432:6:TIM3_IRQHandler	8	static
../Core/Src/main.c:461:6:TIM4_IRQHandler	8	static
../Core/Src/main.c:480:6:INIT_TIM3	8	static
../Core/Src/main.c:498:6:INIT_TIM4	8	static
../Core/Src/main.c:517:6:INIT_3V_OUTPUT	8	static
../Core/Src/main.c:529:6:INIT_TRIGG_ECHO	8	static
../Core/Src/main.c:548:6:EXTI0_IRQHandler	80	static
../Core/Src/main.c:562:6:SETUP_USER_BUTTON	8	static
../Core/Src/main.c:577:6:SETUP_ADC	8	static
../Core/Src/main.c:594:6:UPDATE_DC	8	static
../Core/Src/main.c:605:6:HAL_UART_RxCpltCallback	16	static
../Core/Src/main.c:627:5:main	16	static
../Core/Src/main.c:728:6:SystemClock_Config	80	static
../Core/Src/main.c:772:13:MX_ADC_Init	24	static
../Core/Src/main.c:827:13:MX_TIM2_Init	32	static
../Core/Src/main.c:872:13:MX_TIM3_Init	32	static
../Core/Src/main.c:917:13:MX_TIM4_Init	32	static
../Core/Src/main.c:962:13:MX_TS_Init	4	static
../Core/Src/main.c:983:13:MX_USART1_UART_Init	8	static
../Core/Src/main.c:1016:13:MX_GPIO_Init	40	static
../Core/Src/main.c:1079:6:Error_Handler	4	static,ignoring_inline_asm
