../Core/Src/main.c:98:6:set_speed	16	static
../Core/Src/main.c:107:6:turn_backwards	16	static
../Core/Src/main.c:121:6:stop	16	static
../Core/Src/main.c:132:6:turn_forward	16	static
../Core/Src/main.c:147:6:turn_direction	8	static
../Core/Src/main.c:158:6:setup_wheels	4	static
../Core/Src/main.c:177:6:TURN_90_LEFT	8	static
../Core/Src/main.c:190:6:setup_pwm	4	static
../Core/Src/main.c:224:6:BUZZ	8	static
../Core/Src/main.c:260:6:MEASSURE	4	static
../Core/Src/main.c:294:6:START_COUNTER_3	4	static
../Core/Src/main.c:307:6:START_COUNTER_2	4	static
../Core/Src/main.c:318:6:TIM3_IRQHandler	8	static
../Core/Src/main.c:354:6:TIM4_IRQHandler	8	static
../Core/Src/main.c:373:6:INIT_TIM3	4	static
../Core/Src/main.c:402:6:INIT_TIM4	4	static
../Core/Src/main.c:427:6:INIT_3V_OUTPUT	4	static
../Core/Src/main.c:436:6:INIT_TRIGG_ECHO	4	static
../Core/Src/main.c:461:6:EXTI0_IRQHandler	8	static
../Core/Src/main.c:470:6:SETUP_USER_BUTTON	4	static
../Core/Src/main.c:487:5:main	8	static
../Core/Src/main.c:545:6:SystemClock_Config	80	static
../Core/Src/main.c:586:13:MX_ADC_Init	24	static
../Core/Src/main.c:638:13:MX_TIM2_Init	32	static
../Core/Src/main.c:680:13:MX_TIM3_Init	32	static
../Core/Src/main.c:722:13:MX_TIM4_Init	32	static
../Core/Src/main.c:764:13:MX_TS_Init	4	static
../Core/Src/main.c:784:13:MX_GPIO_Init	40	static
../Core/Src/main.c:855:6:Error_Handler	4	static,ignoring_inline_asm
