../Core/Src/main.c:102:6:set_speed	16	static
../Core/Src/main.c:111:6:turn_backwards	16	static
../Core/Src/main.c:125:6:stop	16	static
../Core/Src/main.c:136:6:turn_forward	16	static
../Core/Src/main.c:151:6:turn_direction	8	static
../Core/Src/main.c:162:6:setup_wheels	4	static
../Core/Src/main.c:181:6:TURN_90_LEFT	8	static
../Core/Src/main.c:200:6:TURN_90_RIGHT	8	static
../Core/Src/main.c:218:6:setup_pwm	4	static
../Core/Src/main.c:241:6:CYCLE_TURN_POSITION	4	static
../Core/Src/main.c:262:6:BUZZ	8	static
../Core/Src/main.c:300:6:MEASSURE	4	static
../Core/Src/main.c:337:6:START_COUNTER_3	4	static
../Core/Src/main.c:350:6:START_COUNTER_2	4	static
../Core/Src/main.c:361:6:TIM3_IRQHandler	8	static
../Core/Src/main.c:397:6:TIM4_IRQHandler	8	static
../Core/Src/main.c:416:6:INIT_TIM3	4	static
../Core/Src/main.c:445:6:INIT_TIM4	4	static
../Core/Src/main.c:470:6:INIT_3V_OUTPUT	4	static
../Core/Src/main.c:479:6:INIT_TRIGG_ECHO	4	static
../Core/Src/main.c:504:6:EXTI0_IRQHandler	8	static
../Core/Src/main.c:513:6:SETUP_USER_BUTTON	4	static
../Core/Src/main.c:530:5:main	8	static
../Core/Src/main.c:605:7:SystemClock_Config	80	static
../Core/Src/main.c:647:14:MX_ADC_Init	24	static
../Core/Src/main.c:699:14:MX_TIM2_Init	32	static
../Core/Src/main.c:741:14:MX_TIM3_Init	32	static
../Core/Src/main.c:783:14:MX_TIM4_Init	32	static
../Core/Src/main.c:825:14:MX_TS_Init	4	static
../Core/Src/main.c:845:14:MX_GPIO_Init	40	static
../Core/Src/main.c:917:7:Error_Handler	4	static,ignoring_inline_asm
