../Core/Src/main.c:124:6:setup_log_message	56	static
../Core/Src/main.c:130:6:general_log_message	120	static
../Core/Src/main.c:136:6:speed_log_message	96	static
../Core/Src/main.c:149:6:SET_SPEED	16	static
../Core/Src/main.c:158:6:TURN_BACKWARDS	16	static
../Core/Src/main.c:172:6:STOP	16	static
../Core/Src/main.c:184:6:TURN_FORWARD	16	static
../Core/Src/main.c:198:6:TURN_DIRECTION	8	static
../Core/Src/main.c:212:6:SETUP_WHEELS	8	static
../Core/Src/main.c:233:6:TURN_90_RIGHT	24	static
../Core/Src/main.c:268:6:TURN_90_LEFT	24	static
../Core/Src/main.c:298:6:SETUP_PWM	8	static
../Core/Src/main.c:317:6:CYCLE_TURN_POSITION	4	static
../Core/Src/main.c:339:6:BUZZ	8	static
../Core/Src/main.c:372:6:MEASSURE	4	static
../Core/Src/main.c:419:6:START_COUNTER_3	4	static
../Core/Src/main.c:427:6:START_COUNTER_2	4	static
../Core/Src/main.c:434:6:TIM3_IRQHandler	8	static
../Core/Src/main.c:463:6:TIM4_IRQHandler	8	static
../Core/Src/main.c:482:6:INIT_TIM3	8	static
../Core/Src/main.c:500:6:INIT_TIM4	8	static
../Core/Src/main.c:519:6:INIT_3V_OUTPUT	8	static
../Core/Src/main.c:530:6:INIT_TRIGG_ECHO	8	static
../Core/Src/main.c:548:6:EXTI0_IRQHandler	80	static
../Core/Src/main.c:562:6:SETUP_USER_BUTTON	8	static
../Core/Src/main.c:577:6:SETUP_ADC	8	static
../Core/Src/main.c:593:6:UPDATE_DC	8	static
../Core/Src/main.c:604:6:HAL_UART_RxCpltCallback	16	static
../Core/Src/main.c:614:6:EXECUTE_REMOTE_COMMAND	16	static
../Core/Src/main.c:647:6:INIT_DISTANCES	4	static
../Core/Src/main.c:653:6:CHANGE_MIN_DISTANCE	120	static
../Core/Src/main.c:664:6:CHANGE_MAX_DISTANCE	120	static
../Core/Src/main.c:688:5:main	16	static
../Core/Src/main.c:790:6:SystemClock_Config	80	static
../Core/Src/main.c:831:13:MX_ADC_Init	24	static
../Core/Src/main.c:883:13:MX_TIM2_Init	32	static
../Core/Src/main.c:925:13:MX_TIM3_Init	32	static
../Core/Src/main.c:967:13:MX_TIM4_Init	32	static
../Core/Src/main.c:1009:13:MX_TS_Init	4	static
../Core/Src/main.c:1029:13:MX_USART1_UART_Init	8	static
../Core/Src/main.c:1060:13:MX_GPIO_Init	40	static
../Core/Src/main.c:1121:6:Error_Handler	4	static,ignoring_inline_asm
