../Core/Src/main.c:107:6:SET_SPEED	16	static
../Core/Src/main.c:116:6:TURN_BACKWARDS	16	static
../Core/Src/main.c:129:6:STOP	16	static
../Core/Src/main.c:140:6:TURN_FORWARD	16	static
../Core/Src/main.c:154:6:TURN_DIRECTION	8	static
../Core/Src/main.c:165:6:SETUP_WHEELS	4	static
../Core/Src/main.c:184:6:TURN_90_RIGHT	24	static
../Core/Src/main.c:216:6:TURN_90_LEFT	24	static
../Core/Src/main.c:246:6:SETUP_PWM	4	static
../Core/Src/main.c:262:6:CYCLE_TURN_POSITION	4	static
../Core/Src/main.c:284:6:BUZZ	8	static
../Core/Src/main.c:318:6:MEASSURE	4	static
../Core/Src/main.c:359:6:START_COUNTER_3	4	static
../Core/Src/main.c:367:6:START_COUNTER_2	4	static
../Core/Src/main.c:374:6:TIM3_IRQHandler	8	static
../Core/Src/main.c:403:6:TIM4_IRQHandler	8	static
../Core/Src/main.c:422:6:INIT_TIM3	4	static
../Core/Src/main.c:437:6:INIT_TIM4	4	static
../Core/Src/main.c:453:6:INIT_3V_OUTPUT	4	static
../Core/Src/main.c:462:6:INIT_TRIGG_ECHO	4	static
../Core/Src/main.c:478:6:EXTI0_IRQHandler	8	static
../Core/Src/main.c:485:6:SETUP_USER_BUTTON	4	static
../Core/Src/main.c:496:6:SETUP_ADC	4	static
../Core/Src/main.c:508:6:UPDATE_DC	8	static
../Core/Src/main.c:525:5:main	16	static
../Core/Src/main.c:623:6:SystemClock_Config	80	static
../Core/Src/main.c:667:13:MX_ADC_Init	24	static
../Core/Src/main.c:722:13:MX_TIM2_Init	32	static
../Core/Src/main.c:767:13:MX_TIM3_Init	32	static
../Core/Src/main.c:812:13:MX_TIM4_Init	32	static
../Core/Src/main.c:857:13:MX_TS_Init	4	static
../Core/Src/main.c:878:13:MX_GPIO_Init	40	static
../Core/Src/main.c:951:6:Error_Handler	4	static,ignoring_inline_asm
