../Core/Src/main.c:116:6:setup_log_message	56	static
../Core/Src/main.c:122:6:general_log_message	120	static
../Core/Src/main.c:128:6:speed_log_message	96	static
../Core/Src/main.c:141:6:SET_SPEED	16	static
../Core/Src/main.c:150:6:TURN_BACKWARDS	16	static
../Core/Src/main.c:164:6:STOP	16	static
../Core/Src/main.c:176:6:TURN_FORWARD	16	static
../Core/Src/main.c:190:6:TURN_DIRECTION	8	static
../Core/Src/main.c:201:6:SETUP_WHEELS	8	static
../Core/Src/main.c:222:6:TURN_90_RIGHT	24	static
../Core/Src/main.c:257:6:TURN_90_LEFT	24	static
../Core/Src/main.c:287:6:SETUP_PWM	8	static
../Core/Src/main.c:306:6:CYCLE_TURN_POSITION	4	static
../Core/Src/main.c:328:6:BUZZ	8	static
../Core/Src/main.c:361:6:MEASSURE	4	static
../Core/Src/main.c:405:6:START_COUNTER_3	4	static
../Core/Src/main.c:413:6:START_COUNTER_2	4	static
../Core/Src/main.c:420:6:TIM3_IRQHandler	8	static
../Core/Src/main.c:449:6:TIM4_IRQHandler	8	static
../Core/Src/main.c:468:6:INIT_TIM3	8	static
../Core/Src/main.c:486:6:INIT_TIM4	8	static
../Core/Src/main.c:505:6:INIT_3V_OUTPUT	8	static
../Core/Src/main.c:516:6:INIT_TRIGG_ECHO	8	static
../Core/Src/main.c:534:6:EXTI0_IRQHandler	80	static
../Core/Src/main.c:548:6:SETUP_USER_BUTTON	8	static
../Core/Src/main.c:563:6:SETUP_ADC	8	static
../Core/Src/main.c:579:6:UPDATE_DC	8	static
../Core/Src/main.c:590:6:HAL_UART_RxCpltCallback	16	static
../Core/Src/main.c:600:6:EXECUTE_REMOTE_COMMAND	8	static
../Core/Src/main.c:632:5:main	16	static
../Core/Src/main.c:733:6:SystemClock_Config	80	static
../Core/Src/main.c:774:13:MX_ADC_Init	24	static
../Core/Src/main.c:826:13:MX_TIM2_Init	32	static
../Core/Src/main.c:868:13:MX_TIM3_Init	32	static
../Core/Src/main.c:910:13:MX_TIM4_Init	32	static
../Core/Src/main.c:952:13:MX_TS_Init	4	static
../Core/Src/main.c:972:13:MX_USART1_UART_Init	8	static
../Core/Src/main.c:1003:13:MX_GPIO_Init	40	static
../Core/Src/main.c:1064:6:Error_Handler	4	static,ignoring_inline_asm
