../Core/Src/main.c:96:6:set_speed	16	static
../Core/Src/main.c:105:6:turn_backwards	16	static
../Core/Src/main.c:119:6:stop	8	static
../Core/Src/main.c:129:6:turn_forward	16	static
../Core/Src/main.c:144:6:turn_direction	8	static
../Core/Src/main.c:155:6:setup_wheels	4	static
../Core/Src/main.c:175:6:setup_pwm	4	static
../Core/Src/main.c:209:6:BUZZ	8	static
../Core/Src/main.c:229:6:MEASSURE	4	static
../Core/Src/main.c:245:6:START_COUNTER_3	4	static
../Core/Src/main.c:258:6:START_COUNTER_2	4	static
../Core/Src/main.c:269:6:TIM3_IRQHandler	8	static
../Core/Src/main.c:305:6:TIM4_IRQHandler	8	static
../Core/Src/main.c:326:6:INIT_TIM3	4	static
../Core/Src/main.c:355:6:INIT_TIM4	4	static
../Core/Src/main.c:381:6:INIT_3V_OUTPUT	4	static
../Core/Src/main.c:390:6:INIT_TRIGG_ECHO	4	static
../Core/Src/main.c:415:6:EXTI0_IRQHandler	8	static
../Core/Src/main.c:424:6:SETUP_USER_BUTTON	4	static
../Core/Src/main.c:435:6:TURN_90_LEFT	8	static
../Core/Src/main.c:454:5:main	8	static
../Core/Src/main.c:515:6:SystemClock_Config	80	static
../Core/Src/main.c:556:13:MX_ADC_Init	24	static
../Core/Src/main.c:608:13:MX_TIM2_Init	32	static
../Core/Src/main.c:650:13:MX_TIM3_Init	32	static
../Core/Src/main.c:692:13:MX_TIM4_Init	32	static
../Core/Src/main.c:734:13:MX_TS_Init	4	static
../Core/Src/main.c:754:13:MX_GPIO_Init	40	static
../Core/Src/main.c:825:6:Error_Handler	4	static,ignoring_inline_asm
