../Core/Src/main.c:87:6:set_speed	16	static
../Core/Src/main.c:95:6:turn_direction	8	static
../Core/Src/main.c:111:6:setup_wheels	4	static
../Core/Src/main.c:131:6:setup_pwm	4	static
../Core/Src/main.c:165:6:BUZZ	4	static
../Core/Src/main.c:185:6:MEASSURE	4	static
../Core/Src/main.c:201:6:START_COUNTER_3	4	static
../Core/Src/main.c:214:6:START_COUNTER_2	4	static
../Core/Src/main.c:225:6:TIM3_IRQHandler	8	static
../Core/Src/main.c:261:6:TIM4_IRQHandler	8	static
../Core/Src/main.c:274:6:INIT_TIM3	4	static
../Core/Src/main.c:303:6:INIT_TIM4	4	static
../Core/Src/main.c:326:6:INIT_3V_OUTPUT	4	static
../Core/Src/main.c:335:6:INIT_TRIGG_ECHO	4	static
../Core/Src/main.c:365:5:main	8	static
../Core/Src/main.c:428:6:SystemClock_Config	80	static
../Core/Src/main.c:469:13:MX_ADC_Init	24	static
../Core/Src/main.c:521:13:MX_TIM2_Init	32	static
../Core/Src/main.c:563:13:MX_TIM3_Init	32	static
../Core/Src/main.c:605:13:MX_TIM4_Init	32	static
../Core/Src/main.c:647:13:MX_TS_Init	4	static
../Core/Src/main.c:667:13:MX_GPIO_Init	40	static
../Core/Src/main.c:738:6:Error_Handler	4	static,ignoring_inline_asm
