../Core/Src/main.c:125:6:setup_log_message	56	static
../Core/Src/main.c:131:6:general_log_message	120	static
../Core/Src/main.c:137:6:speed_log_message	96	static
../Core/Src/main.c:150:6:RESET_DISTANCES	4	static
../Core/Src/main.c:155:6:SET_SPEED	16	static
../Core/Src/main.c:164:6:TURN_BACKWARDS	16	static
../Core/Src/main.c:178:6:STOP	16	static
../Core/Src/main.c:190:6:TURN_FORWARD	16	static
../Core/Src/main.c:204:6:TURN_DIRECTION	8	static
../Core/Src/main.c:218:6:SETUP_WHEELS	8	static
../Core/Src/main.c:239:6:TURN_90_RIGHT	24	static
../Core/Src/main.c:274:6:TURN_90_LEFT	24	static
../Core/Src/main.c:307:6:SETUP_PWM	8	static
../Core/Src/main.c:326:6:CYCLE_TURN_POSITION	4	static
../Core/Src/main.c:348:6:BUZZ	8	static
../Core/Src/main.c:382:6:MEASSURE	4	static
../Core/Src/main.c:429:6:START_COUNTER_3	4	static
../Core/Src/main.c:437:6:START_COUNTER_2	4	static
../Core/Src/main.c:444:6:TIM3_IRQHandler	8	static
../Core/Src/main.c:473:6:TIM4_IRQHandler	8	static
../Core/Src/main.c:492:6:INIT_TIM3	8	static
../Core/Src/main.c:510:6:INIT_TIM4	8	static
../Core/Src/main.c:529:6:INIT_3V_OUTPUT	8	static
../Core/Src/main.c:540:6:INIT_TRIGG_ECHO	8	static
../Core/Src/main.c:558:6:EXTI0_IRQHandler	80	static
../Core/Src/main.c:572:6:SETUP_USER_BUTTON	8	static
../Core/Src/main.c:587:6:SETUP_ADC	8	static
../Core/Src/main.c:603:6:UPDATE_DC	8	static
../Core/Src/main.c:614:6:HAL_UART_RxCpltCallback	16	static
../Core/Src/main.c:624:6:EXECUTE_REMOTE_COMMAND	16	static
../Core/Src/main.c:657:6:INIT_DISTANCES	4	static
../Core/Src/main.c:663:6:CHANGE_MIN_DISTANCE	120	static
../Core/Src/main.c:674:6:CHANGE_MAX_DISTANCE	120	static
../Core/Src/main.c:698:5:main	16	static
../Core/Src/main.c:800:6:SystemClock_Config	80	static
../Core/Src/main.c:841:13:MX_ADC_Init	24	static
../Core/Src/main.c:893:13:MX_TIM2_Init	32	static
../Core/Src/main.c:935:13:MX_TIM3_Init	32	static
../Core/Src/main.c:977:13:MX_TIM4_Init	32	static
../Core/Src/main.c:1019:13:MX_TS_Init	4	static
../Core/Src/main.c:1039:13:MX_USART1_UART_Init	8	static
../Core/Src/main.c:1070:13:MX_GPIO_Init	40	static
../Core/Src/main.c:1131:6:Error_Handler	4	static,ignoring_inline_asm
