../Core/Src/main.c:94:6:set_speed	16	static
../Core/Src/main.c:103:6:turn_backwards	8	static
../Core/Src/main.c:117:6:stop	8	static
../Core/Src/main.c:127:6:turn_forward	8	static
../Core/Src/main.c:142:6:turn_direction	8	static
../Core/Src/main.c:153:6:setup_wheels	4	static
../Core/Src/main.c:173:6:setup_pwm	4	static
../Core/Src/main.c:207:6:BUZZ	8	static
../Core/Src/main.c:227:6:MEASSURE	4	static
../Core/Src/main.c:243:6:START_COUNTER_3	4	static
../Core/Src/main.c:256:6:START_COUNTER_2	4	static
../Core/Src/main.c:267:6:TIM3_IRQHandler	8	static
../Core/Src/main.c:303:6:TIM4_IRQHandler	8	static
../Core/Src/main.c:316:6:INIT_TIM3	4	static
../Core/Src/main.c:345:6:INIT_TIM4	4	static
../Core/Src/main.c:368:6:INIT_3V_OUTPUT	4	static
../Core/Src/main.c:377:6:INIT_TRIGG_ECHO	4	static
../Core/Src/main.c:402:6:EXTI0_IRQHandler	8	static
../Core/Src/main.c:411:6:SETUP_USER_BUTTON	4	static
../Core/Src/main.c:427:5:main	8	static
../Core/Src/main.c:485:6:SystemClock_Config	80	static
../Core/Src/main.c:526:13:MX_ADC_Init	24	static
../Core/Src/main.c:578:13:MX_TIM2_Init	32	static
../Core/Src/main.c:620:13:MX_TIM3_Init	32	static
../Core/Src/main.c:662:13:MX_TIM4_Init	32	static
../Core/Src/main.c:704:13:MX_TS_Init	4	static
../Core/Src/main.c:724:13:MX_GPIO_Init	40	static
../Core/Src/main.c:795:6:Error_Handler	4	static,ignoring_inline_asm
