../Core/Src/main.c:68:6:set_speed	16	static
../Core/Src/main.c:72:6:setup_wheels	4	static
../Core/Src/main.c:94:6:setup_pwm	4	static
../Core/Src/main.c:122:5:main	8	static
../Core/Src/main.c:182:6:SystemClock_Config	80	static
../Core/Src/main.c:226:13:MX_ADC_Init	24	static
../Core/Src/main.c:281:13:MX_TIM2_Init	32	static
../Core/Src/main.c:326:13:MX_TIM3_Init	32	static
../Core/Src/main.c:371:13:MX_TIM4_Init	32	static
../Core/Src/main.c:416:13:MX_TS_Init	4	static
../Core/Src/main.c:437:13:MX_GPIO_Init	40	static
../Core/Src/main.c:510:6:Error_Handler	4	static,ignoring_inline_asm
