../Core/Src/main.c:81:6:set_speed	16	static
../Core/Src/main.c:85:6:setup_wheels	4	static
../Core/Src/main.c:105:6:setup_pwm	4	static
../Core/Src/main.c:139:6:BUZZ	4	static
../Core/Src/main.c:159:6:MEASSURE	4	static
../Core/Src/main.c:175:6:START_COUNTER_3	4	static
../Core/Src/main.c:188:6:START_COUNTER_2	4	static
../Core/Src/main.c:199:6:TIM3_IRQHandler	8	static
../Core/Src/main.c:235:6:TIM4_IRQHandler	8	static
../Core/Src/main.c:248:6:INIT_TIM3	4	static
../Core/Src/main.c:277:6:INIT_TIM4	4	static
../Core/Src/main.c:300:6:INIT_3V_OUTPUT	4	static
../Core/Src/main.c:309:6:INIT_TRIGG_ECHO	4	static
../Core/Src/main.c:339:5:main	8	static
../Core/Src/main.c:397:6:SystemClock_Config	80	static
../Core/Src/main.c:438:13:MX_ADC_Init	24	static
../Core/Src/main.c:490:13:MX_TIM2_Init	32	static
../Core/Src/main.c:532:13:MX_TIM3_Init	32	static
../Core/Src/main.c:574:13:MX_TIM4_Init	32	static
../Core/Src/main.c:616:13:MX_TS_Init	4	static
../Core/Src/main.c:636:13:MX_GPIO_Init	40	static
../Core/Src/main.c:707:6:Error_Handler	4	static,ignoring_inline_asm
