../Core/Src/main.c:116:6:setup_log_message	56	static
../Core/Src/main.c:122:6:general_log_message	120	static
../Core/Src/main.c:128:6:speed_log_message	96	static
../Core/Src/main.c:142:6:SET_SPEED	16	static
../Core/Src/main.c:151:6:TURN_BACKWARDS	16	static
../Core/Src/main.c:165:6:STOP	16	static
../Core/Src/main.c:177:6:TURN_FORWARD	16	static
../Core/Src/main.c:191:6:TURN_DIRECTION	8	static
../Core/Src/main.c:202:6:SETUP_WHEELS	8	static
../Core/Src/main.c:223:6:TURN_90_RIGHT	24	static
../Core/Src/main.c:259:6:TURN_90_LEFT	24	static
../Core/Src/main.c:290:6:SETUP_PWM	8	static
../Core/Src/main.c:309:6:CYCLE_TURN_POSITION	4	static
../Core/Src/main.c:331:6:BUZZ	8	static
../Core/Src/main.c:366:6:MEASSURE	8	static
../Core/Src/main.c:412:6:START_COUNTER_3	4	static
../Core/Src/main.c:420:6:START_COUNTER_2	4	static
../Core/Src/main.c:427:6:TIM3_IRQHandler	8	static
../Core/Src/main.c:456:6:TIM4_IRQHandler	24	static
../Core/Src/main.c:479:6:INIT_TIM3	8	static
../Core/Src/main.c:497:6:INIT_TIM4	8	static
../Core/Src/main.c:516:6:INIT_3V_OUTPUT	8	static
../Core/Src/main.c:528:6:INIT_TRIGG_ECHO	8	static
../Core/Src/main.c:547:6:EXTI0_IRQHandler	80	static
../Core/Src/main.c:561:6:SETUP_USER_BUTTON	8	static
../Core/Src/main.c:576:6:SETUP_ADC	8	static
../Core/Src/main.c:593:6:UPDATE_DC	8	static
../Core/Src/main.c:604:6:HAL_UART_RxCpltCallback	24	static
../Core/Src/main.c:637:5:main	16	static
../Core/Src/main.c:737:6:SystemClock_Config	80	static
../Core/Src/main.c:781:13:MX_ADC_Init	24	static
../Core/Src/main.c:836:13:MX_TIM2_Init	32	static
../Core/Src/main.c:881:13:MX_TIM3_Init	32	static
../Core/Src/main.c:926:13:MX_TIM4_Init	32	static
../Core/Src/main.c:971:13:MX_TS_Init	4	static
../Core/Src/main.c:992:13:MX_USART1_UART_Init	8	static
../Core/Src/main.c:1025:13:MX_GPIO_Init	40	static
../Core/Src/main.c:1088:6:Error_Handler	4	static,ignoring_inline_asm
